Microchip MPLAB XC8 Compiler V1.33 ()

Linker command line:

--edf=C:\Program Files (x86)\Microchip\xc8\v1.33\dat\en_msgs.txt -cs \
  -h+dist/default/production\ping.X.production.sym \
  --cmf=dist/default/production\ping.X.production.cmf -z -Q18F2550 \
  -oC:\Users\Taimoor\AppData\Local\Temp\sjs.6 \
  -Mdist/default/production/ping.X.production.map -E1 -ver=XC8 \
  -ASTACK=060h-07ffh -pstack=STACK -ACODE=00h-07FFFh -ACONST=00h-07FFFh \
  -ASMALLCONST=0800h-08FFhx120 -AMEDIUMCONST=0800h-07FFFh -ACOMRAM=01h-05Fh \
  -AABS1=00h-07FFh -ABIGRAM=01h-07FFh -ARAM=060h-0FFh,0100h-01FFhx7 \
  -ABANK0=060h-0FFh -ABANK1=0100h-01FFh -ABANK2=0200h-02FFh \
  -ABANK3=0300h-03FFh -ABANK4=0400h-04FFh -ABANK5=0500h-05FFh \
  -ABANK6=0600h-06FFh -ABANK7=0700h-07FFh -ASFR=0F60h-0FFFh \
  -preset_vec=00h,intcode,intcodelo,powerup,init,end_init -pramtop=0800h \
  -psmallconst=SMALLCONST -pmediumconst=MEDIUMCONST -pconst=CONST \
  -AFARRAM=00h-00h -ACONFIG=0300000h-030000Dh -pconfig=CONFIG \
  -AIDLOC=0200000h-0200007h -pidloc=IDLOC -AEEDATA=0F00000h-0F000FFh \
  -peeprom_data=EEDATA \
  -prdata=COMRAM,nvrram=COMRAM,nvbit=COMRAM,rbss=COMRAM,rbit=COMRAM \
  -pfarbss=FARRAM,fardata=FARRAM,nvFARRAM=FARRAM \
  -pintsave_regs=BIGRAM,bigbss=BIGRAM,bigdata=BIGRAM -pbss=RAM \
  -pidata=CODE,irdata=CODE,ibigdata=CODE,ifardata=CODE \
  C:\Users\Taimoor\AppData\Local\Temp\sjs.obj \
  dist/default/production\ping.X.production.obj 

Object code version is 3.11

Machine type is 18F2550

Call graph: (short form)




                Name                               Link     Load   Length Selector   Space Scale
C:\Users\Taimoor\AppData\Local\Temp\sjs.obj
                end_init                              0        0        4        0       0
                idloc                            200000   200000        8   200000       0
                config                           300000   300000        E   300000       0
dist/default/production\ping.X.production.obj
                text6                              7BEA     7BEA       A4     3DF5       0
                text5                              7C8E     7C8E       A8     3E47       0
                text4                              7BA2     7BA2       48     3DD1       0
                text3                              7E0A     7E0A       D6     3F05       0
                text2                              7D36     7D36       D4     3E9B       0
                text1                              7B76     7B76       2C     3DBB       0
                cstackCOMRAM                          1        1       30        1       1
                bssCOMRAM                            31       31        2        1       1
                cinit                              7B6C     7B6C        A     3DB6       0
                text0                              7EE0     7EE0      120     3F70       0

TOTAL           Name                               Link     Load   Length     Space
        CLASS   STACK          

        CLASS   CODE           
                end_init                              0        0        4         0
                text6                              7BEA     7BEA       A4         0
                text5                              7C8E     7C8E       A8         0
                text4                              7BA2     7BA2       48         0
                text3                              7E0A     7E0A       D6         0
                text2                              7D36     7D36       D4         0
                text1                              7B76     7B76       2C         0
                cinit                              7B6C     7B6C        A         0
                text0                              7EE0     7EE0      120         0

        CLASS   CONST          

        CLASS   SMALLCONST     

        CLASS   MEDIUMCONST    

        CLASS   COMRAM         
                cstackCOMRAM                          1        1       30         1
                bssCOMRAM                            31       31        2         1

        CLASS   ABS1           

        CLASS   BIGRAM         

        CLASS   RAM            

        CLASS   BANK0          

        CLASS   BANK1          

        CLASS   BANK2          

        CLASS   BANK3          

        CLASS   BANK4          

        CLASS   BANK5          

        CLASS   BANK6          

        CLASS   BANK7          

        CLASS   SFR            

        CLASS   FARRAM         

        CLASS   CONFIG         
                config                           300000   300000        E         0

        CLASS   IDLOC          
                idloc                            200000   200000        8         0

        CLASS   EEDATA         



SEGMENTS        Name                           Load    Length   Top    Selector   Space  Class

                reset_vec                      000000  000004  000004         0       0  CODE    
                cstackCOMRAM                   000001  000032  000033         1       1  COMRAM  
                cinit                          007B6C  00000A  007B76      3DB6       0  CODE    
                text1                          007B76  00002C  007BA2      3DBB       0  CODE    
                text4                          007BA2  000048  007BEA      3DD1       0  CODE    
                text6                          007BEA  0000A4  007C8E      3DF5       0  CODE    
                text5                          007C8E  0000A8  007D36      3E47       0  CODE    
                text2                          007D36  0000D4  007E0A      3E9B       0  CODE    
                text3                          007E0A  0000D6  007EE0      3F05       0  CODE    
                text0                          007EE0  000120  008000      3F70       0  CODE    
                idloc                          200000  000008  200008    200000       0  IDLOC   
                config                         300000  00000E  30000E    300000       0  CONFIG  


UNUSED ADDRESS RANGES

        Name                Unused          Largest block    Delta
        BANK0            000060-0000FF               A0
        BANK1            000100-0001FF              100
        BANK2            000200-0002FF              100
        BANK3            000300-0003FF              100
        BANK4            000400-0004FF              100
        BANK5            000500-0005FF              100
        BANK6            000600-0006FF              100
        BANK7            000700-0007FF              100
        BIGRAM           000033-0007FF              7CD
        CODE             000004-007B6B             7B68
        COMRAM           000033-00005F               2D
        CONST            000004-007B6B             7B68
        EEDATA           F00000-F000FF              100
        MEDIUMCONST      000800-007B6B             736C
        RAM              000060-0007FF              100
        SFR              000F60-000FFF               A0
        SMALLCONST       000800-007B6B              100
        STACK            000060-0007FF              7A0

                                  Symbol Table

?___awdiv                cstackCOMRAM 000001
?___awtoft               cstackCOMRAM 000009
?___ftdiv                cstackCOMRAM 00000D
?___ftpack               cstackCOMRAM 000001
?___fttol                cstackCOMRAM 00001C
_ADCON1                  (abs)        000FC1
_PORTAbits               (abs)        000F80
_T1CON                   (abs)        000FCD
_TMR1H                   (abs)        000FCF
_TMR1L                   (abs)        000FCE
_TMR1ON                  (abs)        007E68
_TRISAbits               (abs)        000F92
_TRISBbits               (abs)        000F93
_TRISCbits               (abs)        000F94
__CFG_BOR$ON             (abs)        000000
__CFG_BORV$3             (abs)        000000
__CFG_CCP2MX$ON          (abs)        000000
__CFG_CP0$OFF            (abs)        000000
__CFG_CP1$OFF            (abs)        000000
__CFG_CP2$OFF            (abs)        000000
__CFG_CP3$OFF            (abs)        000000
__CFG_CPB$OFF            (abs)        000000
__CFG_CPD$OFF            (abs)        000000
__CFG_CPUDIV$OSC1_PLL2   (abs)        000000
__CFG_EBTR0$OFF          (abs)        000000
__CFG_EBTR1$OFF          (abs)        000000
__CFG_EBTR2$OFF          (abs)        000000
__CFG_EBTR3$OFF          (abs)        000000
__CFG_EBTRB$OFF          (abs)        000000
__CFG_FCMEN$OFF          (abs)        000000
__CFG_FOSC$INTOSC_HS     (abs)        000000
__CFG_IESO$OFF           (abs)        000000
__CFG_LPT1OSC$OFF        (abs)        000000
__CFG_LVP$OFF            (abs)        000000
__CFG_MCLRE$OFF          (abs)        000000
__CFG_PBADEN$ON          (abs)        000000
__CFG_PLLDIV$12          (abs)        000000
__CFG_PWRT$OFF           (abs)        000000
__CFG_STVREN$ON          (abs)        000000
__CFG_USBDIV$2           (abs)        000000
__CFG_VREGEN$OFF         (abs)        000000
__CFG_WDT$OFF            (abs)        000000
__CFG_WDTPS$32768        (abs)        000000
__CFG_WRT0$OFF           (abs)        000000
__CFG_WRT1$OFF           (abs)        000000
__CFG_WRT2$OFF           (abs)        000000
__CFG_WRT3$OFF           (abs)        000000
__CFG_WRTB$OFF           (abs)        000000
__CFG_WRTC$OFF           (abs)        000000
__CFG_WRTD$OFF           (abs)        000000
__CFG_XINST$OFF          (abs)        000000
__HRAM                   (abs)        000000
__Habs1                  abs1         000000
__Hbank0                 bank0        000000
__Hbank1                 bank1        000000
__Hbank2                 bank2        000000
__Hbank3                 bank3        000000
__Hbank4                 bank4        000000
__Hbank5                 bank5        000000
__Hbank6                 bank6        000000
__Hbank7                 bank7        000000
__Hbigbss                bigbss       000000
__Hbigdata               bigdata      000000
__Hbigram                bigram       000000
__Hbss                   bss          000000
__HbssCOMRAM             bssCOMRAM    000000
__Hcinit                 cinit        000000
__Hclrtext               clrtext      000000
__Hcomram                comram       000000
__Hconfig                config       30000E
__Hconst                 const        000000
__HcstackCOMRAM          cstackCOMRAM 000000
__Hdata                  data         000000
__Heeprom_data           eeprom_data  000000
__Hend_init              end_init     000004
__Hfarbss                farbss       000000
__Hfardata               fardata      000000
__Hibigdata              ibigdata     000000
__Hidata                 idata        000000
__Hidloc                 idloc        200008
__Hifardata              ifardata     000000
__Hinit                  init         000000
__Hintcode               intcode      000000
__Hintcode_body          intcode_body 000000
__Hintcodelo             intcodelo    000000
__Hintentry              intentry     000000
__Hintret                intret       000000
__Hintsave_regs          intsave_regs 000000
__Hirdata                irdata       000000
__Hmediumconst           mediumconst  000000
__HnvFARRAM              nvFARRAM     000000
__Hnvbit                 nvbit        000000
__Hnvrram                nvrram       000000
__Hparam                 rparam       000000
__Hpowerup               powerup      000000
__Hram                   ram          000000
__Hramtop                ramtop       000800
__Hrbit                  rbit         000000
__Hrbss                  rbss         000000
__Hrdata                 rdata        000000
__Hreset_vec             reset_vec    000000
__Hrparam                rparam       000000
__Hsfr                   sfr          000000
__Hsmallconst            smallconst   000000
__Hspace_0               (abs)        30000E
__Hspace_1               (abs)        000033
__Hspace_2               (abs)        000000
__Hstack                 stack        000000
__Hstruct                struct       000000
__Htemp                  temp         000000
__Htext                  text         000000
__Htext0                 text0        000000
__Htext1                 text1        000000
__Htext2                 text2        000000
__Htext3                 text3        000000
__Htext4                 text4        000000
__Htext5                 text5        000000
__Htext6                 text6        000000
__LRAM                   (abs)        000001
__Labs1                  abs1         000000
__Lbank0                 bank0        000000
__Lbank1                 bank1        000000
__Lbank2                 bank2        000000
__Lbank3                 bank3        000000
__Lbank4                 bank4        000000
__Lbank5                 bank5        000000
__Lbank6                 bank6        000000
__Lbank7                 bank7        000000
__Lbigbss                bigbss       000000
__Lbigdata               bigdata      000000
__Lbigram                bigram       000000
__Lbss                   bss          000000
__LbssCOMRAM             bssCOMRAM    000000
__Lcinit                 cinit        000000
__Lclrtext               clrtext      000000
__Lcomram                comram       000000
__Lconfig                config       300000
__Lconst                 const        000000
__LcstackCOMRAM          cstackCOMRAM 000000
__Ldata                  data         000000
__Leeprom_data           eeprom_data  000000
__Lend_init              end_init     000000
__Lfarbss                farbss       000000
__Lfardata               fardata      000000
__Libigdata              ibigdata     000000
__Lidata                 idata        000000
__Lidloc                 idloc        200000
__Lifardata              ifardata     000000
__Linit                  init         000000
__Lintcode               intcode      000000
__Lintcode_body          intcode_body 000000
__Lintcodelo             intcodelo    000000
__Lintentry              intentry     000000
__Lintret                intret       000000
__Lintsave_regs          intsave_regs 000000
__Lirdata                irdata       000000
__Lmediumconst           mediumconst  000000
__LnvFARRAM              nvFARRAM     000000
__Lnvbit                 nvbit        000000
__Lnvrram                nvrram       000000
__Lparam                 rparam       000000
__Lpowerup               powerup      000000
__Lram                   ram          000000
__Lramtop                ramtop       000800
__Lrbit                  rbit         000000
__Lrbss                  rbss         000000
__Lrdata                 rdata        000000
__Lreset_vec             reset_vec    000000
__Lrparam                rparam       000000
__Lsfr                   sfr          000000
__Lsmallconst            smallconst   000000
__Lspace_0               (abs)        000000
__Lspace_1               (abs)        000000
__Lspace_2               (abs)        000000
__Lstack                 stack        000000
__Lstruct                struct       000000
__Ltemp                  temp         000000
__Ltext                  text         000000
__Ltext0                 text0        000000
__Ltext1                 text1        000000
__Ltext2                 text2        000000
__Ltext3                 text3        000000
__Ltext4                 text4        000000
__Ltext5                 text5        000000
__Ltext6                 text6        000000
__S0                     (abs)        30000E
__S1                     (abs)        000033
__S2                     (abs)        000000
___awdiv                 text6        007BEA
___awdiv@counter         cstackCOMRAM 000005
___awdiv@dividend        cstackCOMRAM 000001
___awdiv@divisor         cstackCOMRAM 000003
___awdiv@quotient        cstackCOMRAM 000007
___awdiv@sign            cstackCOMRAM 000006
___awtoft                text4        007BA2
___awtoft@c              cstackCOMRAM 000009
___awtoft@sign           cstackCOMRAM 00000C
___ftdiv                 text3        007E0A
___ftdiv@cntr            cstackCOMRAM 000019
___ftdiv@exp             cstackCOMRAM 00001A
___ftdiv@f1              cstackCOMRAM 00000D
___ftdiv@f2              cstackCOMRAM 000010
___ftdiv@f3              cstackCOMRAM 000016
___ftdiv@sign            cstackCOMRAM 00001B
___ftpack                text5        007C8E
___ftpack@arg            cstackCOMRAM 000001
___ftpack@exp            cstackCOMRAM 000004
___ftpack@sign           cstackCOMRAM 000005
___fttol                 text2        007D36
___fttol@exp1            cstackCOMRAM 00002A
___fttol@f1              cstackCOMRAM 00001C
___fttol@lval            cstackCOMRAM 000026
___fttol@sign1           cstackCOMRAM 000025
___inthi_sp              stack        000000
___intlo_sp              stack        000000
___sp                    stack        000000
__accesstop              (abs)        000060
__activetblptr           (abs)        000000
__end_of___awdiv         text6        007C8E
__end_of___awtoft        text4        007BEA
__end_of___ftdiv         text3        007EE0
__end_of___ftpack        text5        007D36
__end_of___fttol         text2        007E0A
__end_of__initialization cinit        007B70
__end_of_main            text0        008000
__end_of_ping            text1        007BA2
__initialization         cinit        007B6C
__mediumconst            mediumconst  000000
__pbssCOMRAM             bssCOMRAM    000031
__pcinit                 cinit        007B6C
__pcstackCOMRAM          cstackCOMRAM 000001
__ptext0                 text0        007EE0
__ptext1                 text1        007B76
__ptext2                 text2        007D36
__ptext3                 text3        007E0A
__ptext4                 text4        007BA2
__ptext5                 text5        007C8E
__ptext6                 text6        007BEA
__ramtop                 ramtop       000800
__size_of___awdiv        (abs)        000000
__size_of___awtoft       (abs)        000000
__size_of___ftdiv        (abs)        000000
__size_of___ftpack       (abs)        000000
__size_of___fttol        (abs)        000000
__size_of_main           (abs)        000000
__size_of_ping           (abs)        000000
__smallconst             smallconst   000000
_b                       bssCOMRAM    000031
_main                    text0        007EE0
_ping                    text1        007B76
end_of_initialization    cinit        007B70
intlevel0                text         000000
intlevel1                text         000000
intlevel2                text         000000
intlevel3                text         000000
main@a                   cstackCOMRAM 00002F
ping@b                   cstackCOMRAM 000001
stackhi                  (abs)        0007FF
stacklo                  (abs)        000060
start                    init         000000
start_initialization     cinit        007B6C


FUNCTION INFORMATION:

 *************** function _main *****************
 Defined at:
		line 74 in file "newmain.c"
 Parameters:    Size  Location     Type
		None
 Auto vars:     Size  Location     Type
  a               2   46[COMRAM] int 
 Return value:  Size  Location     Type
		None               void
 Registers used:
		wreg, status,2, status,0, prodl, cstack
 Tracked objects:
		On entry : 
		On exit  : 
		Unchanged: 
 Data sizes:     COMRAM   BANK0   BANK1   BANK2   BANK3   BANK4   BANK5   BANK6   BANK7
      Params:         0       0       0       0       0       0       0       0       0
      Locals:         2       0       0       0       0       0       0       0       0
      Temps:          4       0       0       0       0       0       0       0       0
      Totals:         6       0       0       0       0       0       0       0       0
Total ram usage:        6 bytes
 Hardware stack levels required when called:    2
 This function calls:
		___awdiv
		___awtoft
		___ftdiv
		___fttol
		_ping
 This function is called by:
		Startup code after reset
 This function uses a non-reentrant model


 *************** function _ping *****************
 Defined at:
		line 114 in file "newmain.c"
 Parameters:    Size  Location     Type
		None
 Auto vars:     Size  Location     Type
  b               2    0[COMRAM] int 
 Return value:  Size  Location     Type
		None               void
 Registers used:
		wreg, status,2, status,0
 Tracked objects:
		On entry : 
		On exit  : 
		Unchanged: 
 Data sizes:     COMRAM   BANK0   BANK1   BANK2   BANK3   BANK4   BANK5   BANK6   BANK7
      Params:         0       0       0       0       0       0       0       0       0
      Locals:         2       0       0       0       0       0       0       0       0
      Temps:          0       0       0       0       0       0       0       0       0
      Totals:         2       0       0       0       0       0       0       0       0
Total ram usage:        2 bytes
 Hardware stack levels used:    1
 This function calls:
		Nothing
 This function is called by:
		_main
 This function uses a non-reentrant model


 *************** function ___fttol *****************
 Defined at:
		line 44 in file "C:\Program Files (x86)\Microchip\xc8\v1.33\sources\common\fttol.c"
 Parameters:    Size  Location     Type
  f1              3   27[COMRAM] float 
 Auto vars:     Size  Location     Type
  lval            4   37[COMRAM] unsigned long 
  exp1            1   41[COMRAM] unsigned char 
  sign1           1   36[COMRAM] unsigned char 
 Return value:  Size  Location     Type
                  4   27[COMRAM] long 
 Registers used:
		wreg, status,2, status,0
 Tracked objects:
		On entry : 
		On exit  : 
		Unchanged: 
 Data sizes:     COMRAM   BANK0   BANK1   BANK2   BANK3   BANK4   BANK5   BANK6   BANK7
      Params:         4       0       0       0       0       0       0       0       0
      Locals:         6       0       0       0       0       0       0       0       0
      Temps:          5       0       0       0       0       0       0       0       0
      Totals:        15       0       0       0       0       0       0       0       0
Total ram usage:       15 bytes
 Hardware stack levels used:    1
 This function calls:
		Nothing
 This function is called by:
		_main
 This function uses a non-reentrant model


 *************** function ___ftdiv *****************
 Defined at:
		line 49 in file "C:\Program Files (x86)\Microchip\xc8\v1.33\sources\common\ftdiv.c"
 Parameters:    Size  Location     Type
  f1              3   12[COMRAM] float 
  f2              3   15[COMRAM] float 
 Auto vars:     Size  Location     Type
  f3              3   21[COMRAM] float 
  sign            1   26[COMRAM] unsigned char 
  exp             1   25[COMRAM] unsigned char 
  cntr            1   24[COMRAM] unsigned char 
 Return value:  Size  Location     Type
                  3   12[COMRAM] float 
 Registers used:
		wreg, status,2, status,0, cstack
 Tracked objects:
		On entry : 
		On exit  : 
		Unchanged: 
 Data sizes:     COMRAM   BANK0   BANK1   BANK2   BANK3   BANK4   BANK5   BANK6   BANK7
      Params:         6       0       0       0       0       0       0       0       0
      Locals:         6       0       0       0       0       0       0       0       0
      Temps:          3       0       0       0       0       0       0       0       0
      Totals:        15       0       0       0       0       0       0       0       0
Total ram usage:       15 bytes
 Hardware stack levels used:    1
 Hardware stack levels required when called:    1
 This function calls:
		___ftpack
 This function is called by:
		_main
 This function uses a non-reentrant model


 *************** function ___awtoft *****************
 Defined at:
		line 32 in file "C:\Program Files (x86)\Microchip\xc8\v1.33\sources\common\awtoft.c"
 Parameters:    Size  Location     Type
  c               2    8[COMRAM] int 
 Auto vars:     Size  Location     Type
  sign            1   11[COMRAM] unsigned char 
 Return value:  Size  Location     Type
                  3    8[COMRAM] float 
 Registers used:
		wreg, status,2, status,0, prodl, cstack
 Tracked objects:
		On entry : 
		On exit  : 
		Unchanged: 
 Data sizes:     COMRAM   BANK0   BANK1   BANK2   BANK3   BANK4   BANK5   BANK6   BANK7
      Params:         3       0       0       0       0       0       0       0       0
      Locals:         1       0       0       0       0       0       0       0       0
      Temps:          0       0       0       0       0       0       0       0       0
      Totals:         4       0       0       0       0       0       0       0       0
Total ram usage:        4 bytes
 Hardware stack levels used:    1
 Hardware stack levels required when called:    1
 This function calls:
		___ftpack
 This function is called by:
		_main
 This function uses a non-reentrant model


 *************** function ___ftpack *****************
 Defined at:
		line 62 in file "C:\Program Files (x86)\Microchip\xc8\v1.33\sources\common\float.c"
 Parameters:    Size  Location     Type
  arg             3    0[COMRAM] unsigned um
  exp             1    3[COMRAM] unsigned char 
  sign            1    4[COMRAM] unsigned char 
 Auto vars:     Size  Location     Type
		None
 Return value:  Size  Location     Type
                  3    0[COMRAM] float 
 Registers used:
		wreg, status,2, status,0
 Tracked objects:
		On entry : 
		On exit  : 
		Unchanged: 
 Data sizes:     COMRAM   BANK0   BANK1   BANK2   BANK3   BANK4   BANK5   BANK6   BANK7
      Params:         5       0       0       0       0       0       0       0       0
      Locals:         0       0       0       0       0       0       0       0       0
      Temps:          3       0       0       0       0       0       0       0       0
      Totals:         8       0       0       0       0       0       0       0       0
Total ram usage:        8 bytes
 Hardware stack levels used:    1
 This function calls:
		Nothing
 This function is called by:
		___awtoft
		___ftdiv
 This function uses a non-reentrant model


 *************** function ___awdiv *****************
 Defined at:
		line 8 in file "C:\Program Files (x86)\Microchip\xc8\v1.33\sources\common\awdiv.c"
 Parameters:    Size  Location     Type
  dividend        2    0[COMRAM] int 
  divisor         2    2[COMRAM] int 
 Auto vars:     Size  Location     Type
  quotient        2    6[COMRAM] int 
  sign            1    5[COMRAM] unsigned char 
  counter         1    4[COMRAM] unsigned char 
 Return value:  Size  Location     Type
                  2    0[COMRAM] int 
 Registers used:
		wreg, status,2, status,0, prodl
 Tracked objects:
		On entry : 
		On exit  : 
		Unchanged: 
 Data sizes:     COMRAM   BANK0   BANK1   BANK2   BANK3   BANK4   BANK5   BANK6   BANK7
      Params:         4       0       0       0       0       0       0       0       0
      Locals:         4       0       0       0       0       0       0       0       0
      Temps:          0       0       0       0       0       0       0       0       0
      Totals:         8       0       0       0       0       0       0       0       0
Total ram usage:        8 bytes
 Hardware stack levels used:    1
 This function calls:
		Nothing
 This function is called by:
		_main
 This function uses a non-reentrant model



MODULE INFORMATION

Module		Function		Class		Link	Load	Size
C:\Program Files (x86)\Microchip\xc8\v1.33\sources\common\float.c
		___ftpack      		CODE           	7C8E	0000	168

C:\Program Files (x86)\Microchip\xc8\v1.33\sources\common\float.c estimated size: 168

newmain.c
		_ping          		CODE           	7B76	0000	44
		_main          		CODE           	7EE0	0000	288

newmain.c estimated size: 332

C:\Program Files (x86)\Microchip\xc8\v1.33\sources\common\ftdiv.c
		___ftdiv       		CODE           	7E0A	0000	214

C:\Program Files (x86)\Microchip\xc8\v1.33\sources\common\ftdiv.c estimated size: 214

C:\Program Files (x86)\Microchip\xc8\v1.33\sources\common\awdiv.c
		___awdiv       		CODE           	7BEA	0000	164

C:\Program Files (x86)\Microchip\xc8\v1.33\sources\common\awdiv.c estimated size: 164

shared
		__initializatio		CODE           	7B6C	0000	4

shared estimated size: 4

C:\Program Files (x86)\Microchip\xc8\v1.33\sources\common\fttol.c
		___fttol       		CODE           	7D36	0000	212

C:\Program Files (x86)\Microchip\xc8\v1.33\sources\common\fttol.c estimated size: 212

C:\Program Files (x86)\Microchip\xc8\v1.33\sources\common\awtoft.c
		___awtoft      		CODE           	7BA2	0000	72

C:\Program Files (x86)\Microchip\xc8\v1.33\sources\common\awtoft.c estimated size: 72

